# DCACHE configuration [c = 32KB, b = 32B, a = 4]
#
# DCACHE stats
#
# organic cache_dl1:
# Load-Hits:                13806   95.93%
# Load-Misses:                585    4.07%
# Load-Accesses:            14391  100.00%
# 
# Store-Hits:                6778   99.02%
# Store-Misses:                67    0.98%
# Store-Accesses:            6845  100.00%
# 
# Total-Hits:               20584   96.93%
# Total-Misses:               652    3.07%
# Total-Accesses:           21236  100.00%



# ICACHE configuration [c = 32KB, b = 32B, a = 4]
#
# ICACHE stats
#
# organic cache_il1:
# Total-Hits:                   0     nan%
# Total-Misses:                 0     nan%
# Total-Accesses:               0     nan%

# DCACHE configuration [c = 32KB, b = 32B, a = 4]
#
# DCACHE stats
#
# organic cache_dl1:
# Load-Hits:                 9603   95.02%
# Load-Misses:                503    4.98%
# Load-Accesses:            10106  100.00%
# 
# Store-Hits:                5013   98.72%
# Store-Misses:                65    1.28%
# Store-Accesses:            5078  100.00%
# 
# Total-Hits:               14616   96.26%
# Total-Misses:               568    3.74%
# Total-Accesses:           15184  100.00%



# ICACHE configuration [c = 32KB, b = 32B, a = 4]
#
# ICACHE stats
#
# organic cache_il1:
# Total-Hits:                   0     nan%
# Total-Misses:                 0     nan%
# Total-Accesses:               0     nan%

